The attribute value is 42.
The value of the whole expression is 42.
The attribute value is 44.
The attribute value is 45.
The temporary value is 45.
The attribute value is 46.
The attribute value was 45.

* Reprise *
The attribute value is 42.
The value of the whole expression is 42.
The attribute value is 44.
The attribute value is 45.
The temporary value is 45.
The attribute value is 46.
The attribute value was 45.
