$foo
Hello from foo!
Hello from Bar.bar!
Hello from Bar.tomato!
Hello from tomato!
Whatever.
Goodbye from Foo!
