a b c d e f g h i j k l m n o p q r s t u v w x y z 
little girl voice: a b c
little girl voice: x y z
little girl voice: i j k
a b c d e f g h i j k l m n o p q r s t u v w x y z 
a b c d e f g h i j k l m n o p q r s t u v w x y z 
Now
I
know
my
ABCs.
a b c d e f g hey
