airplane
generate!
1
2
3
4
6
8
10
12
14
16

generate!
4
4
6
6
8
8
10
10
12
12

generate!
4
6
8
10
12
14
16
18
20
22

pit of hell: 666
pit of hell: 42
pit of hell: 666
pit of hell: 42
pit of hell: 666
pit of hell: 42
pit of hell: 666
pit of hell: 42
pit of hell: 666
pit of hell: 42
back from hell: 666
