0
The value of the whole expression is "b".
{ 0, 0, "b", 0, 0, 0, 0, 0, 0, 0 }
{ 0, 0, "b", "c", 0, 0, 0, 0, 0, 0 }
3
{ 0, 0, "b", "d", 0, 0, 0, 0, 0, 0 }
4
{ 0, 0, "b", "d", 42, 0, 0, 0, 0, 0 }
{ 0, 0, "b", "d", 15, 0, 0, 0, 0, 0 }
{ 0, 0, "b", "d", 15, 0, 0, 0, 0, 0 }
incr
4
4
5
{ 0, 1, 2, 6, 4, 5, 6, 7, 8, 9 }
5
5
{ 0, 1, 2, 4, 4, 5, 6, 7, 8, 9 }
