42
7
73
a1 is 8
b1 is 9
c1 is 10
a2 is 1
b2 is 2
c2 is 3
0
1
