1
2
3
()

1
2
3
(4, 5, 6)
foo arg: 4
foo arg: 5
foo arg: 6

'a'
'b'
'c'
('hello', 'world', 4, 5, 6)
foo arg: 'hello'
foo arg: 'world'
foo arg: 4
foo arg: 5
foo arg: 6

4
5
6
()

v: (4, 5, 6)
v arg: 4
v arg: 5
v arg: 6

v: ()

4
(5, 6)
v1 arg: 5
v1 arg: 6

'help'
(4, 5, 6)
v1 arg: 4
v1 arg: 5
v1 arg: 6

zoo
91
92
93

4
5
6

1
2
3
('y', 'z')
foo arg: 'y'
foo arg: 'z'

1
'y'
'z'

'a' <- leaf1
'b' <- leaf2
'y' <- leaf1
'z' <- leaf2
1 <- leaf1
2 <- leaf2
1
2
3
('y',)
foo arg: 'y'

1 <- leaf1
'y' <- leaf2
1 <- leaf1
2 <- leaf2
4 <- a4
